2020-07-30 18:21:18,921:main.py:76:INFO:__main__:Calling main ....
2020-07-30 18:21:18,922:main.py:27:INFO:__main__:Inside main function
2020-07-30 18:21:18,922:main.py:30:INFO:__main__:Instantiating scalp object with arguments ...
2020-07-30 18:21:55,695:main.py:76:INFO:__main__:Calling main ....
2020-07-30 18:21:55,696:main.py:27:INFO:__main__:Inside main function
2020-07-30 18:21:55,699:main.py:30:INFO:__main__:Instantiating scalp object with arguments ...
2020-07-30 18:21:56,097:main.py:48:INFO:__main__:exit as market is not open
